react-bits-temp/jsrepo.config.ts(1,49): error TS2307: Cannot find module 'jsrepo' or its corresponding type declarations.
react-bits-temp/jsrepo.config.ts(2,24): error TS2307: Cannot find module '@jsrepo/shadcn' or its corresponding type declarations.
react-bits-temp/src/ts-default/Animations/Antigravity/Antigravity.tsx(1,44): error TS2307: Cannot find module '@react-three/fiber' or its corresponding type declarations.
react-bits-temp/src/ts-default/Animations/Antigravity/Antigravity.tsx(3,24): error TS2307: Cannot find module 'three' or its corresponding type declarations.
react-bits-temp/src/ts-default/Animations/Antigravity/Antigravity.tsx(89,12): error TS7006: Parameter 'state' implicitly has an 'any' type.
react-bits-temp/src/ts-default/Animations/Antigravity/Antigravity.tsx(178,5): error TS2339: Property 'instancedMesh' does not exist on type 'JSX.IntrinsicElements'.
react-bits-temp/src/ts-default/Animations/Antigravity/Antigravity.tsx(179,39): error TS2339: Property 'capsuleGeometry' does not exist on type 'JSX.IntrinsicElements'.
react-bits-temp/src/ts-default/Animations/Antigravity/Antigravity.tsx(180,38): error TS2339: Property 'sphereGeometry' does not exist on type 'JSX.IntrinsicElements'.
react-bits-temp/src/ts-default/Animations/Antigravity/Antigravity.tsx(181,35): error TS2339: Property 'boxGeometry' does not exist on type 'JSX.IntrinsicElements'.
react-bits-temp/src/ts-default/Animations/Antigravity/Antigravity.tsx(182,43): error TS2339: Property 'tetrahedronGeometry' does not exist on type 'JSX.IntrinsicElements'.
react-bits-temp/src/ts-default/Animations/Antigravity/Antigravity.tsx(183,7): error TS2339: Property 'meshBasicMaterial' does not exist on type 'JSX.IntrinsicElements'.
react-bits-temp/src/ts-default/Animations/Antigravity/Antigravity.tsx(184,5): error TS2339: Property 'instancedMesh' does not exist on type 'JSX.IntrinsicElements'.
react-bits-temp/src/ts-default/Animations/GhostCursor/GhostCursor.tsx(2,24): error TS2307: Cannot find module 'three' or its corresponding type declarations.
react-bits-temp/src/ts-default/Animations/GhostCursor/GhostCursor.tsx(3,32): error TS2307: Cannot find module 'three/examples/jsm/postprocessing/EffectComposer.js' or its corresponding type declarations.
react-bits-temp/src/ts-default/Animations/GhostCursor/GhostCursor.tsx(4,28): error TS2307: Cannot find module 'three/examples/jsm/postprocessing/RenderPass.js' or its corresponding type declarations.
react-bits-temp/src/ts-default/Animations/GhostCursor/GhostCursor.tsx(5,33): error TS2307: Cannot find module 'three/examples/jsm/postprocessing/UnrealBloomPass.js' or its corresponding type declarations.
react-bits-temp/src/ts-default/Animations/GhostCursor/GhostCursor.tsx(6,28): error TS2307: Cannot find module 'three/examples/jsm/postprocessing/ShaderPass.js' or its corresponding type declarations.
react-bits-temp/src/ts-default/Animations/GradualBlur/GradualBlur.tsx(2,23): error TS2307: Cannot find module 'mathjs' or its corresponding type declarations.
react-bits-temp/src/ts-default/Animations/LaserFlow/LaserFlow.tsx(2,24): error TS2307: Cannot find module 'three' or its corresponding type declarations.
react-bits-temp/src/ts-default/Animations/MetaBalls/MetaBalls.tsx(2,76): error TS2307: Cannot find module 'ogl' or its corresponding type declarations.
react-bits-temp/src/ts-default/Animations/OrbitImages/OrbitImages.tsx(5,76): error TS2307: Cannot find module 'motion/react' or its corresponding type declarations.
react-bits-temp/src/ts-default/Animations/PixelTrail/PixelTrail.tsx(3,59): error TS2307: Cannot find module '@react-three/fiber' or its corresponding type declarations.
react-bits-temp/src/ts-default/Animations/PixelTrail/PixelTrail.tsx(4,49): error TS2307: Cannot find module '@react-three/drei' or its corresponding type declarations.
react-bits-temp/src/ts-default/Animations/PixelTrail/PixelTrail.tsx(5,24): error TS2307: Cannot find module 'three' or its corresponding type declarations.
react-bits-temp/src/ts-default/Animations/PixelTrail/PixelTrail.tsx(101,25): error TS7006: Parameter 's' implicitly has an 'any' type.
react-bits-temp/src/ts-default/Animations/PixelTrail/PixelTrail.tsx(102,29): error TS7006: Parameter 's' implicitly has an 'any' type.
react-bits-temp/src/ts-default/Animations/PixelTrail/PixelTrail.tsx(125,5): error TS2339: Property 'mesh' does not exist on type 'JSX.IntrinsicElements'.
react-bits-temp/src/ts-default/Animations/PixelTrail/PixelTrail.tsx(126,7): error TS2339: Property 'planeGeometry' does not exist on type 'JSX.IntrinsicElements'.
react-bits-temp/src/ts-default/Animations/PixelTrail/PixelTrail.tsx(127,7): error TS2339: Property 'primitive' does not exist on type 'JSX.IntrinsicElements'.
react-bits-temp/src/ts-default/Animations/PixelTrail/PixelTrail.tsx(133,5): error TS2339: Property 'mesh' does not exist on type 'JSX.IntrinsicElements'.
react-bits-temp/src/ts-default/Animations/Ribbons/Ribbons.tsx(2,60): error TS2307: Cannot find module 'ogl' or its corresponding type declarations.
react-bits-temp/src/ts-default/Animations/ShapeBlur/ShapeBlur.tsx(2,24): error TS2307: Cannot find module 'three' or its corresponding type declarations.
react-bits-temp/src/ts-default/Animations/StickerPeel/StickerPeel.tsx(3,27): error TS1149: File name 'C:/Users/danyb/My Personal Works/BitShift_Odoo_VR/frontend/node_modules/gsap/types/Draggable.d.ts' differs from already included file name 'C:/Users/danyb/My Personal Works/BitShift_Odoo_VR/frontend/node_modules/gsap/types/draggable.d.ts' only in casing.
  The file is in the program because:
    Referenced via 'draggable.d.ts' from file 'C:/Users/danyb/My Personal Works/BitShift_Odoo_VR/frontend/node_modules/gsap/types/index.d.ts'
    Imported via 'gsap/Draggable' from file 'C:/Users/danyb/My Personal Works/BitShift_Odoo_VR/frontend/react-bits-temp/src/ts-default/Animations/StickerPeel/StickerPeel.tsx' with packageId 'gsap/types/Draggable.d.ts@3.14.2'
    Imported via 'gsap/Draggable' from file 'C:/Users/danyb/My Personal Works/BitShift_Odoo_VR/frontend/react-bits-temp/src/ts-tailwind/Animations/StickerPeel/StickerPeel.tsx' with packageId 'gsap/types/Draggable.d.ts@3.14.2'
react-bits-temp/src/ts-default/Backgrounds/Aurora/Aurora.tsx(2,58): error TS2307: Cannot find module 'ogl' or its corresponding type declarations.
react-bits-temp/src/ts-default/Backgrounds/Balatro/Balatro.tsx(1,51): error TS2307: Cannot find module 'ogl' or its corresponding type declarations.
react-bits-temp/src/ts-default/Backgrounds/Ballpit/Ballpit.tsx(24,8): error TS2307: Cannot find module 'three' or its corresponding type declarations.
react-bits-temp/src/ts-default/Backgrounds/Ballpit/Ballpit.tsx(25,33): error TS2307: Cannot find module 'three/examples/jsm/environments/RoomEnvironment.js' or its corresponding type declarations.
react-bits-temp/src/ts-default/Backgrounds/Ballpit/Ballpit.tsx(26,26): error TS1149: File name 'C:/Users/danyb/My Personal Works/BitShift_Odoo_VR/frontend/node_modules/gsap/types/Observer.d.ts' differs from already included file name 'C:/Users/danyb/My Personal Works/BitShift_Odoo_VR/frontend/node_modules/gsap/types/observer.d.ts' only in casing.
  The file is in the program because:
    Referenced via 'observer.d.ts' from file 'C:/Users/danyb/My Personal Works/BitShift_Odoo_VR/frontend/node_modules/gsap/types/index.d.ts'
    Imported via 'gsap/Observer' from file 'C:/Users/danyb/My Personal Works/BitShift_Odoo_VR/frontend/react-bits-temp/src/ts-default/Backgrounds/Ballpit/Ballpit.tsx' with packageId 'gsap/types/Observer.d.ts@3.14.2'
    Imported via 'gsap/Observer' from file 'C:/Users/danyb/My Personal Works/BitShift_Odoo_VR/frontend/react-bits-temp/src/ts-tailwind/Backgrounds/Ballpit/Ballpit.tsx' with packageId 'gsap/types/Observer.d.ts@3.14.2'
react-bits-temp/src/ts-default/Backgrounds/Ballpit/Ballpit.tsx(259,25): error TS7006: Parameter 'obj' implicitly has an 'any' type.
react-bits-temp/src/ts-default/Backgrounds/Ballpit/Ballpit.tsx(435,10): error TS2339: Property 'defines' does not exist on type 'Y'.
react-bits-temp/src/ts-default/Backgrounds/Ballpit/Ballpit.tsx(436,10): error TS2551: Property 'onBeforeCompile' does not exist on type 'Y'. Did you mean 'onBeforeCompile2'?
react-bits-temp/src/ts-default/Backgrounds/Ballpit/Ballpit.tsx(436,28): error TS7006: Parameter 'shader' implicitly has an 'any' type.
react-bits-temp/src/ts-default/Backgrounds/Ballpit/Ballpit.tsx(696,14): error TS2339: Property 'envMapRotation' does not exist on type 'Y'.
react-bits-temp/src/ts-default/Backgrounds/Ballpit/Ballpit.tsx(706,10): error TS2339: Property 'add' does not exist on type 'Z'.
react-bits-temp/src/ts-default/Backgrounds/Ballpit/Ballpit.tsx(708,10): error TS2339: Property 'add' does not exist on type 'Z'.
react-bits-temp/src/ts-default/Backgrounds/Ballpit/Ballpit.tsx(742,36): error TS2339: Property 'count' does not exist on type 'Z'.
react-bits-temp/src/ts-default/Backgrounds/Ballpit/Ballpit.tsx(743,14): error TS2551: Property 'setColorAt' does not exist on type 'Z'. Did you mean 'setColors'?
react-bits-temp/src/ts-default/Backgrounds/Ballpit/Ballpit.tsx(743,63): error TS2339: Property 'count' does not exist on type 'Z'.
react-bits-temp/src/ts-default/Backgrounds/Ballpit/Ballpit.tsx(745,67): error TS2339: Property 'count' does not exist on type 'Z'.
react-bits-temp/src/ts-default/Backgrounds/Ballpit/Ballpit.tsx(749,17): error TS2339: Property 'instanceColor' does not exist on type 'Z'.
react-bits-temp/src/ts-default/Backgrounds/Ballpit/Ballpit.tsx(750,12): error TS2339: Property 'instanceColor' does not exist on type 'Z'.
react-bits-temp/src/ts-default/Backgrounds/Ballpit/Ballpit.tsx(756,34): error TS2339: Property 'count' does not exist on type 'Z'.
react-bits-temp/src/ts-default/Backgrounds/Ballpit/Ballpit.tsx(764,12): error TS2339: Property 'setMatrixAt' does not exist on type 'Z'.
react-bits-temp/src/ts-default/Backgrounds/Ballpit/Ballpit.tsx(767,10): error TS2339: Property 'instanceMatrix' does not exist on type 'Z'.
react-bits-temp/src/ts-default/Backgrounds/Beams/Beams.tsx(3,24): error TS2307: Cannot find module 'three' or its corresponding type declarations.
react-bits-temp/src/ts-default/Backgrounds/Beams/Beams.tsx(5,34): error TS2307: Cannot find module '@react-three/fiber' or its corresponding type declarations.
react-bits-temp/src/ts-default/Backgrounds/Beams/Beams.tsx(6,35): error TS2307: Cannot find module '@react-three/drei' or its corresponding type declarations.
react-bits-temp/src/ts-default/Backgrounds/Beams/Beams.tsx(7,26): error TS2307: Cannot find module 'three/src/math/MathUtils.js' or its corresponding type declarations.
react-bits-temp/src/ts-default/Backgrounds/Beams/Beams.tsx(253,7): error TS2339: Property 'group' does not exist on type 'JSX.IntrinsicElements'.
react-bits-temp/src/ts-default/Backgrounds/Beams/Beams.tsx(256,7): error TS2339: Property 'group' does not exist on type 'JSX.IntrinsicElements'.
react-bits-temp/src/ts-default/Backgrounds/Beams/Beams.tsx(257,7): error TS2339: Property 'ambientLight' does not exist on type 'JSX.IntrinsicElements'.
react-bits-temp/src/ts-default/Backgrounds/Beams/Beams.tsx(258,7): error TS2339: Property 'color' does not exist on type 'JSX.IntrinsicElements'.
react-bits-temp/src/ts-default/Backgrounds/Beams/Beams.tsx(333,13): error TS7006: Parameter '_' implicitly has an 'any' type.
react-bits-temp/src/ts-default/Backgrounds/Beams/Beams.tsx(333,16): error TS7006: Parameter 'delta' implicitly has an 'any' type.
react-bits-temp/src/ts-default/Backgrounds/Beams/Beams.tsx(336,10): error TS2339: Property 'mesh' does not exist on type 'JSX.IntrinsicElements'.
react-bits-temp/src/ts-default/Backgrounds/Beams/Beams.tsx(371,10): error TS2339: Property 'directionalLight' does not exist on type 'JSX.IntrinsicElements'.
react-bits-temp/src/ts-default/Backgrounds/ColorBends/ColorBends.tsx(2,24): error TS2307: Cannot find module 'three' or its corresponding type declarations.
react-bits-temp/src/ts-default/Backgrounds/DarkVeil/DarkVeil.tsx(2,57): error TS2307: Cannot find module 'ogl' or its corresponding type declarations.
react-bits-temp/src/ts-default/Backgrounds/Dither/Dither.tsx(3,56): error TS2307: Cannot find module '@react-three/fiber' or its corresponding type declarations.
react-bits-temp/src/ts-default/Backgrounds/Dither/Dither.tsx(4,44): error TS2307: Cannot find module '@react-three/postprocessing' or its corresponding type declarations.
react-bits-temp/src/ts-default/Backgrounds/Dither/Dither.tsx(5,24): error TS2307: Cannot find module 'postprocessing' or its corresponding type declarations.
react-bits-temp/src/ts-default/Backgrounds/Dither/Dither.tsx(6,24): error TS2307: Cannot find module 'three' or its corresponding type declarations.
react-bits-temp/src/ts-default/Backgrounds/Dither/Dither.tsx(232,15): error TS7031: Binding element 'clock' implicitly has an 'any' type.
react-bits-temp/src/ts-default/Backgrounds/Dither/Dither.tsx(265,7): error TS2339: Property 'mesh' does not exist on type 'JSX.IntrinsicElements'.
react-bits-temp/src/ts-default/Backgrounds/Dither/Dither.tsx(266,9): error TS2339: Property 'planeGeometry' does not exist on type 'JSX.IntrinsicElements'.
react-bits-temp/src/ts-default/Backgrounds/Dither/Dither.tsx(267,9): error TS2339: Property 'shaderMaterial' does not exist on type 'JSX.IntrinsicElements'.
react-bits-temp/src/ts-default/Backgrounds/Dither/Dither.tsx(272,7): error TS2339: Property 'mesh' does not exist on type 'JSX.IntrinsicElements'.
react-bits-temp/src/ts-default/Backgrounds/Dither/Dither.tsx(278,7): error TS2339: Property 'mesh' does not exist on type 'JSX.IntrinsicElements'.
react-bits-temp/src/ts-default/Backgrounds/Dither/Dither.tsx(284,9): error TS2339: Property 'planeGeometry' does not exist on type 'JSX.IntrinsicElements'.
react-bits-temp/src/ts-default/Backgrounds/Dither/Dither.tsx(285,9): error TS2339: Property 'meshBasicMaterial' does not exist on type 'JSX.IntrinsicElements'.
react-bits-temp/src/ts-default/Backgrounds/Dither/Dither.tsx(286,7): error TS2339: Property 'mesh' does not exist on type 'JSX.IntrinsicElements'.
react-bits-temp/src/ts-default/Backgrounds/FaultyTerminal/FaultyTerminal.tsx(1,58): error TS2307: Cannot find module 'ogl' or its corresponding type declarations.
react-bits-temp/src/ts-default/Backgrounds/FloatingLines/FloatingLines.tsx(12,8): error TS2307: Cannot find module 'three' or its corresponding type declarations.
react-bits-temp/src/ts-default/Backgrounds/Galaxy/Galaxy.tsx(1,58): error TS2307: Cannot find module 'ogl' or its corresponding type declarations.
react-bits-temp/src/ts-default/Backgrounds/GradientBlinds/GradientBlinds.tsx(2,51): error TS2307: Cannot find module 'ogl' or its corresponding type declarations.
react-bits-temp/src/ts-default/Backgrounds/Grainient/Grainient.tsx(2,51): error TS2307: Cannot find module 'ogl' or its corresponding type declarations.
react-bits-temp/src/ts-default/Backgrounds/GridDistortion/GridDistortion.tsx(2,24): error TS2307: Cannot find module 'three' or its corresponding type declarations.
react-bits-temp/src/ts-default/Backgrounds/GridDistortion/GridDistortion.tsx(88,34): error TS7006: Parameter 'texture' implicitly has an 'any' type.
react-bits-temp/src/ts-default/Backgrounds/GridScan/GridScan.tsx(2,96): error TS2307: Cannot find module 'postprocessing' or its corresponding type declarations.
react-bits-temp/src/ts-default/Backgrounds/GridScan/GridScan.tsx(3,24): error TS2307: Cannot find module 'three' or its corresponding type declarations.
react-bits-temp/src/ts-default/Backgrounds/GridScan/GridScan.tsx(4,26): error TS2307: Cannot find module 'face-api.js' or its corresponding type declarations.
react-bits-temp/src/ts-default/Backgrounds/Hyperspeed/Hyperspeed.tsx(2,24): error TS2307: Cannot find module 'three' or its corresponding type declarations.
react-bits-temp/src/ts-default/Backgrounds/Hyperspeed/Hyperspeed.tsx(3,93): error TS2307: Cannot find module 'postprocessing' or its corresponding type declarations.
react-bits-temp/src/ts-default/Backgrounds/Hyperspeed/Hyperspeed.tsx(537,32): error TS7006: Parameter 'shader' implicitly has an 'any' type.
react-bits-temp/src/ts-default/Backgrounds/Hyperspeed/Hyperspeed.tsx(667,32): error TS7006: Parameter 'shader' implicitly has an 'any' type.
react-bits-temp/src/ts-default/Backgrounds/Hyperspeed/Hyperspeed.tsx(803,32): error TS7006: Parameter 'shader' implicitly has an 'any' type.
react-bits-temp/src/ts-default/Backgrounds/Iridescence/Iridescence.tsx(1,58): error TS2307: Cannot find module 'ogl' or its corresponding type declarations.
react-bits-temp/src/ts-default/Backgrounds/LightPillar/LightPillar.tsx(2,24): error TS2307: Cannot find module 'three' or its corresponding type declarations.
react-bits-temp/src/ts-default/Backgrounds/LightRays/LightRays.tsx(2,51): error TS2307: Cannot find module 'ogl' or its corresponding type declarations.
react-bits-temp/src/ts-default/Backgrounds/LiquidChrome/LiquidChrome.tsx(2,51): error TS2307: Cannot find module 'ogl' or its corresponding type declarations.
react-bits-temp/src/ts-default/Backgrounds/LiquidEther/LiquidEther.tsx(2,24): error TS2307: Cannot find module 'three' or its corresponding type declarations.
react-bits-temp/src/ts-default/Backgrounds/Orb/Orb.tsx(1,57): error TS2307: Cannot find module 'ogl' or its corresponding type declarations.
react-bits-temp/src/ts-default/Backgrounds/Particles/Particles.tsx(2,59): error TS2307: Cannot find module 'ogl' or its corresponding type declarations.
react-bits-temp/src/ts-default/Backgrounds/PixelBlast/PixelBlast.tsx(2,24): error TS2307: Cannot find module 'three' or its corresponding type declarations.
react-bits-temp/src/ts-default/Backgrounds/PixelBlast/PixelBlast.tsx(3,64): error TS2307: Cannot find module 'postprocessing' or its corresponding type declarations.
react-bits-temp/src/ts-default/Backgrounds/PixelBlast/PixelBlast.tsx(547,35): error TS7006: Parameter 'p' implicitly has an 'any' type.
react-bits-temp/src/ts-default/Backgrounds/PixelBlast/PixelBlast.tsx(600,35): error TS7006: Parameter 'p' implicitly has an 'any' type.
react-bits-temp/src/ts-default/Backgrounds/PixelSnow/PixelSnow.tsx(12,8): error TS2307: Cannot find module 'three' or its corresponding type declarations.
react-bits-temp/src/ts-default/Backgrounds/Plasma/Plasma.tsx(2,51): error TS2307: Cannot find module 'ogl' or its corresponding type declarations.
react-bits-temp/src/ts-default/Backgrounds/Prism/Prism.tsx(2,51): error TS2307: Cannot find module 'ogl' or its corresponding type declarations.
react-bits-temp/src/ts-default/Backgrounds/PrismaticBurst/PrismaticBurst.tsx(2,60): error TS2307: Cannot find module 'ogl' or its corresponding type declarations.
react-bits-temp/src/ts-default/Backgrounds/RippleGrid/RippleGrid.tsx(2,51): error TS2307: Cannot find module 'ogl' or its corresponding type declarations.
react-bits-temp/src/ts-default/Backgrounds/Silk/Silk.tsx(3,55): error TS2307: Cannot find module '@react-three/fiber' or its corresponding type declarations.
react-bits-temp/src/ts-default/Backgrounds/Silk/Silk.tsx(4,45): error TS2307: Cannot find module 'three' or its corresponding type declarations.
react-bits-temp/src/ts-default/Backgrounds/Silk/Silk.tsx(5,26): error TS2307: Cannot find module 'three' or its corresponding type declarations.
react-bits-temp/src/ts-default/Backgrounds/Silk/Silk.tsx(113,5): error TS2339: Property 'mesh' does not exist on type 'JSX.IntrinsicElements'.
react-bits-temp/src/ts-default/Backgrounds/Silk/Silk.tsx(114,7): error TS2339: Property 'planeGeometry' does not exist on type 'JSX.IntrinsicElements'.
react-bits-temp/src/ts-default/Backgrounds/Silk/Silk.tsx(115,7): error TS2339: Property 'shaderMaterial' does not exist on type 'JSX.IntrinsicElements'.
react-bits-temp/src/ts-default/Backgrounds/Silk/Silk.tsx(116,5): error TS2339: Property 'mesh' does not exist on type 'JSX.IntrinsicElements'.
react-bits-temp/src/ts-default/Backgrounds/Threads/Threads.tsx(2,58): error TS2307: Cannot find module 'ogl' or its corresponding type declarations.
react-bits-temp/src/ts-default/Components/AnimatedList/AnimatedList.tsx(2,35): error TS2307: Cannot find module 'motion/react' or its corresponding type declarations.
react-bits-temp/src/ts-default/Components/CardNav/CardNav.tsx(4,32): error TS2307: Cannot find module 'react-icons/go' or its corresponding type declarations.
react-bits-temp/src/ts-default/Components/Carousel/Carousel.tsx(2,63): error TS2307: Cannot find module 'motion/react' or its corresponding type declarations.
react-bits-temp/src/ts-default/Components/Carousel/Carousel.tsx(4,66): error TS2307: Cannot find module 'react-icons/fi' or its corresponding type declarations.
react-bits-temp/src/ts-default/Components/CircularGallery/CircularGallery.tsx(1,76): error TS2307: Cannot find module 'ogl' or its corresponding type declarations.
react-bits-temp/src/ts-default/Components/Counter/Counter.tsx(1,62): error TS2307: Cannot find module 'motion/react' or its corresponding type declarations.
react-bits-temp/src/ts-default/Components/Counter/Counter.tsx(16,30): error TS7006: Parameter 'latest' implicitly has an 'any' type.
react-bits-temp/src/ts-default/Components/Dock/Dock.tsx(11,8): error TS2307: Cannot find module 'motion/react' or its corresponding type declarations.
react-bits-temp/src/ts-default/Components/Dock/Dock.tsx(58,46): error TS7006: Parameter 'val' implicitly has an 'any' type.
react-bits-temp/src/ts-default/Components/Dock/Dock.tsx(106,48): error TS7006: Parameter 'latest' implicitly has an 'any' type.
react-bits-temp/src/ts-default/Components/Dock/Dock.tsx(164,25): error TS7031: Binding element 'pageX' implicitly has an 'any' type.
react-bits-temp/src/ts-default/Components/DomeGallery/DomeGallery.tsx(2,28): error TS2307: Cannot find module '@use-gesture/react' or its corresponding type declarations.
react-bits-temp/src/ts-default/Components/DomeGallery/DomeGallery.tsx(342,23): error TS7031: Binding element 'event' implicitly has an 'any' type.
react-bits-temp/src/ts-default/Components/DomeGallery/DomeGallery.tsx(351,18): error TS7031: Binding element 'event' implicitly has an 'any' type.
react-bits-temp/src/ts-default/Components/DomeGallery/DomeGallery.tsx(351,25): error TS7031: Binding element 'last' implicitly has an 'any' type.
react-bits-temp/src/ts-default/Components/DomeGallery/DomeGallery.tsx(351,70): error TS7031: Binding element 'movement' implicitly has an 'any' type.
react-bits-temp/src/ts-default/Components/ElasticSlider/ElasticSlider.tsx(2,84): error TS2307: Cannot find module 'motion/react' or its corresponding type declarations.
react-bits-temp/src/ts-default/Components/ElasticSlider/ElasticSlider.tsx(3,22): error TS2307: Cannot find module '@chakra-ui/react' or its corresponding type declarations.
react-bits-temp/src/ts-default/Components/ElasticSlider/ElasticSlider.tsx(4,50): error TS2307: Cannot find module 'react-icons/ri' or its corresponding type declarations.
react-bits-temp/src/ts-default/Components/FluidGlass/FluidGlass.tsx(2,24): error TS2307: Cannot find module 'three' or its corresponding type declarations.
react-bits-temp/src/ts-default/Components/FluidGlass/FluidGlass.tsx(4,73): error TS2307: Cannot find module '@react-three/fiber' or its corresponding type declarations.
react-bits-temp/src/ts-default/Components/FluidGlass/FluidGlass.tsx(15,8): error TS2307: Cannot find module '@react-three/drei' or its corresponding type declarations.
react-bits-temp/src/ts-default/Components/FluidGlass/FluidGlass.tsx(16,24): error TS2307: Cannot find module 'maath' or its corresponding type declarations.
react-bits-temp/src/ts-default/Components/FluidGlass/FluidGlass.tsx(105,13): error TS7006: Parameter 'state' implicitly has an 'any' type.
react-bits-temp/src/ts-default/Components/FluidGlass/FluidGlass.tsx(105,20): error TS7006: Parameter 'delta' implicitly has an 'any' type.
react-bits-temp/src/ts-default/Components/FluidGlass/FluidGlass.tsx(137,7): error TS2339: Property 'mesh' does not exist on type 'JSX.IntrinsicElements'.
react-bits-temp/src/ts-default/Components/FluidGlass/FluidGlass.tsx(138,9): error TS2339: Property 'planeGeometry' does not exist on type 'JSX.IntrinsicElements'.
react-bits-temp/src/ts-default/Components/FluidGlass/FluidGlass.tsx(139,9): error TS2339: Property 'meshBasicMaterial' does not exist on type 'JSX.IntrinsicElements'.
react-bits-temp/src/ts-default/Components/FluidGlass/FluidGlass.tsx(140,7): error TS2339: Property 'mesh' does not exist on type 'JSX.IntrinsicElements'.
react-bits-temp/src/ts-default/Components/FluidGlass/FluidGlass.tsx(141,7): error TS2339: Property 'mesh' does not exist on type 'JSX.IntrinsicElements'.
react-bits-temp/src/ts-default/Components/FluidGlass/FluidGlass.tsx(156,7): error TS2339: Property 'mesh' does not exist on type 'JSX.IntrinsicElements'.
react-bits-temp/src/ts-default/Components/FluidGlass/FluidGlass.tsx(221,37): error TS7006: Parameter 'child' implicitly has an 'any' type.
react-bits-temp/src/ts-default/Components/FluidGlass/FluidGlass.tsx(221,44): error TS7006: Parameter 'i' implicitly has an 'any' type.
react-bits-temp/src/ts-default/Components/FluidGlass/FluidGlass.tsx(232,5): error TS2339: Property 'group' does not exist on type 'JSX.IntrinsicElements'.
react-bits-temp/src/ts-default/Components/FluidGlass/FluidGlass.tsx(245,20): error TS7006: Parameter 'e' implicitly has an 'any' type.
react-bits-temp/src/ts-default/Components/FluidGlass/FluidGlass.tsx(255,5): error TS2339: Property 'group' does not exist on type 'JSX.IntrinsicElements'.
react-bits-temp/src/ts-default/Components/FluidGlass/FluidGlass.tsx(262,31): error TS7006: Parameter 's' implicitly has an 'any' type.
react-bits-temp/src/ts-default/Components/FluidGlass/FluidGlass.tsx(273,5): error TS2339: Property 'group' does not exist on type 'JSX.IntrinsicElements'.
react-bits-temp/src/ts-default/Components/FluidGlass/FluidGlass.tsx(279,5): error TS2339: Property 'group' does not exist on type 'JSX.IntrinsicElements'.
react-bits-temp/src/ts-default/Components/FlyingPosters/FlyingPosters.tsx(2,102): error TS2307: Cannot find module 'ogl' or its corresponding type declarations.
react-bits-temp/src/ts-default/Components/InfiniteMenu/InfiniteMenu.tsx(2,40): error TS2307: Cannot find module 'gl-matrix' or its corresponding type declarations.
react-bits-temp/src/ts-default/Components/Lanyard/Lanyard.tsx(4,42): error TS2307: Cannot find module '@react-three/fiber' or its corresponding type declarations.
react-bits-temp/src/ts-default/Components/Lanyard/Lanyard.tsx(5,63): error TS2307: Cannot find module '@react-three/drei' or its corresponding type declarations.
react-bits-temp/src/ts-default/Components/Lanyard/Lanyard.tsx(14,8): error TS2307: Cannot find module '@react-three/rapier' or its corresponding type declarations.
react-bits-temp/src/ts-default/Components/Lanyard/Lanyard.tsx(15,52): error TS2307: Cannot find module 'meshline' or its corresponding type declarations.
react-bits-temp/src/ts-default/Components/Lanyard/Lanyard.tsx(16,24): error TS2307: Cannot find module 'three' or its corresponding type declarations.
react-bits-temp/src/ts-default/Components/Lanyard/Lanyard.tsx(53,23): error TS7031: Binding element 'gl' implicitly has an 'any' type.
react-bits-temp/src/ts-default/Components/Lanyard/Lanyard.tsx(55,9): error TS2339: Property 'ambientLight' does not exist on type 'JSX.IntrinsicElements'.
react-bits-temp/src/ts-default/Components/Lanyard/Lanyard.tsx(148,13): error TS7006: Parameter 'state' implicitly has an 'any' type.
react-bits-temp/src/ts-default/Components/Lanyard/Lanyard.tsx(148,20): error TS7006: Parameter 'delta' implicitly has an 'any' type.
react-bits-temp/src/ts-default/Components/Lanyard/Lanyard.tsx(185,7): error TS2339: Property 'group' does not exist on type 'JSX.IntrinsicElements'.
react-bits-temp/src/ts-default/Components/Lanyard/Lanyard.tsx(203,11): error TS2339: Property 'group' does not exist on type 'JSX.IntrinsicElements'.
react-bits-temp/src/ts-default/Components/Lanyard/Lanyard.tsx(217,13): error TS2339: Property 'mesh' does not exist on type 'JSX.IntrinsicElements'.
react-bits-temp/src/ts-default/Components/Lanyard/Lanyard.tsx(218,15): error TS2339: Property 'meshPhysicalMaterial' does not exist on type 'JSX.IntrinsicElements'.
react-bits-temp/src/ts-default/Components/Lanyard/Lanyard.tsx(226,13): error TS2339: Property 'mesh' does not exist on type 'JSX.IntrinsicElements'.
react-bits-temp/src/ts-default/Components/Lanyard/Lanyard.tsx(227,13): error TS2339: Property 'mesh' does not exist on type 'JSX.IntrinsicElements'.
react-bits-temp/src/ts-default/Components/Lanyard/Lanyard.tsx(228,13): error TS2339: Property 'mesh' does not exist on type 'JSX.IntrinsicElements'.
react-bits-temp/src/ts-default/Components/Lanyard/Lanyard.tsx(229,11): error TS2339: Property 'group' does not exist on type 'JSX.IntrinsicElements'.
react-bits-temp/src/ts-default/Components/Lanyard/Lanyard.tsx(231,7): error TS2339: Property 'group' does not exist on type 'JSX.IntrinsicElements'.
react-bits-temp/src/ts-default/Components/Lanyard/Lanyard.tsx(232,7): error TS2339: Property 'mesh' does not exist on type 'JSX.IntrinsicElements'.
react-bits-temp/src/ts-default/Components/Lanyard/Lanyard.tsx(233,9): error TS2339: Property 'meshLineGeometry' does not exist on type 'JSX.IntrinsicElements'.
react-bits-temp/src/ts-default/Components/Lanyard/Lanyard.tsx(234,9): error TS2339: Property 'meshLineMaterial' does not exist on type 'JSX.IntrinsicElements'.
react-bits-temp/src/ts-default/Components/Lanyard/Lanyard.tsx(243,7): error TS2339: Property 'mesh' does not exist on type 'JSX.IntrinsicElements'.
react-bits-temp/src/ts-default/Components/ModelViewer/ModelViewer.tsx(2,67): error TS2307: Cannot find module '@react-three/fiber' or its corresponding type declarations.
react-bits-temp/src/ts-default/Components/ModelViewer/ModelViewer.tsx(3,96): error TS2307: Cannot find module '@react-three/drei' or its corresponding type declarations.
react-bits-temp/src/ts-default/Components/ModelViewer/ModelViewer.tsx(4,27): error TS2307: Cannot find module 'three/examples/jsm/loaders/OBJLoader' or its corresponding type declarations.
react-bits-temp/src/ts-default/Components/ModelViewer/ModelViewer.tsx(5,24): error TS2307: Cannot find module 'three' or its corresponding type declarations.
react-bits-temp/src/ts-default/Components/ModelViewer/ModelViewer.tsx(164,29): error TS7006: Parameter 'material' implicitly has an 'any' type.
react-bits-temp/src/ts-default/Components/ModelViewer/ModelViewer.tsx(195,31): error TS7006: Parameter 'material' implicitly has an 'any' type.
react-bits-temp/src/ts-default/Components/ModelViewer/ModelViewer.tsx(346,13): error TS7006: Parameter '_' implicitly has an 'any' type.
react-bits-temp/src/ts-default/Components/ModelViewer/ModelViewer.tsx(346,16): error TS7006: Parameter 'dt' implicitly has an 'any' type.
react-bits-temp/src/ts-default/Components/ModelViewer/ModelViewer.tsx(387,5): error TS2339: Property 'group' does not exist on type 'JSX.IntrinsicElements'.
react-bits-temp/src/ts-default/Components/ModelViewer/ModelViewer.tsx(388,7): error TS2339: Property 'group' does not exist on type 'JSX.IntrinsicElements'.
react-bits-temp/src/ts-default/Components/ModelViewer/ModelViewer.tsx(389,9): error TS2339: Property 'primitive' does not exist on type 'JSX.IntrinsicElements'.
react-bits-temp/src/ts-default/Components/ModelViewer/ModelViewer.tsx(390,7): error TS2339: Property 'group' does not exist on type 'JSX.IntrinsicElements'.
react-bits-temp/src/ts-default/Components/ModelViewer/ModelViewer.tsx(391,5): error TS2339: Property 'group' does not exist on type 'JSX.IntrinsicElements'.
react-bits-temp/src/ts-default/Components/ModelViewer/ModelViewer.tsx(491,23): error TS7031: Binding element 'gl' implicitly has an 'any' type.
react-bits-temp/src/ts-default/Components/ModelViewer/ModelViewer.tsx(491,27): error TS7031: Binding element 'scene' implicitly has an 'any' type.
react-bits-temp/src/ts-default/Components/ModelViewer/ModelViewer.tsx(491,34): error TS7031: Binding element 'camera' implicitly has an 'any' type.
react-bits-temp/src/ts-default/Components/ModelViewer/ModelViewer.tsx(503,9): error TS2339: Property 'ambientLight' does not exist on type 'JSX.IntrinsicElements'.
react-bits-temp/src/ts-default/Components/ModelViewer/ModelViewer.tsx(504,9): error TS2339: Property 'directionalLight' does not exist on type 'JSX.IntrinsicElements'.
react-bits-temp/src/ts-default/Components/ModelViewer/ModelViewer.tsx(505,9): error TS2339: Property 'directionalLight' does not exist on type 'JSX.IntrinsicElements'.
react-bits-temp/src/ts-default/Components/ModelViewer/ModelViewer.tsx(506,9): error TS2339: Property 'directionalLight' does not exist on type 'JSX.IntrinsicElements'.
react-bits-temp/src/ts-default/Components/PillNav/PillNav.tsx(2,22): error TS2307: Cannot find module 'react-router-dom' or its corresponding type declarations.
react-bits-temp/src/ts-default/Components/PillNav/PillNav.tsx(256,18): error TS7006: Parameter 'el' implicitly has an 'any' type.
react-bits-temp/src/ts-default/Components/ScrollStack/ScrollStack.tsx(3,19): error TS2307: Cannot find module 'lenis' or its corresponding type declarations.
react-bits-temp/src/ts-default/Components/ScrollStack/ScrollStack.tsx(212,17): error TS7006: Parameter 't' implicitly has an 'any' type.
react-bits-temp/src/ts-default/Components/ScrollStack/ScrollStack.tsx(240,17): error TS7006: Parameter 't' implicitly has an 'any' type.
react-bits-temp/src/ts-default/Components/Stack/Stack.tsx(1,68): error TS2307: Cannot find module 'motion/react' or its corresponding type declarations.
react-bits-temp/src/ts-default/Components/Stepper/Stepper.tsx(1,51): error TS2307: Cannot find module 'motion/react' or its corresponding type declarations.
react-bits-temp/src/ts-default/Components/TiltedCard/TiltedCard.tsx(1,36): error TS2307: Cannot find module 'motion/react' or its corresponding type declarations.
react-bits-temp/src/ts-default/Components/TiltedCard/TiltedCard.tsx(3,51): error TS2307: Cannot find module 'motion/react' or its corresponding type declarations.
react-bits-temp/src/ts-default/TextAnimations/ASCIIText/ASCIIText.tsx(4,24): error TS2307: Cannot find module 'three' or its corresponding type declarations.
react-bits-temp/src/ts-default/TextAnimations/ASCIIText/ASCIIText.tsx(440,25): error TS7006: Parameter 'object' implicitly has an 'any' type.
react-bits-temp/src/ts-default/TextAnimations/BlurText/BlurText.tsx(1,36): error TS2307: Cannot find module 'motion/react' or its corresponding type declarations.
react-bits-temp/src/ts-default/TextAnimations/CircularText/CircularText.tsx(2,79): error TS2307: Cannot find module 'motion/react' or its corresponding type declarations.
react-bits-temp/src/ts-default/TextAnimations/CountUp/CountUp.tsx(1,54): error TS2307: Cannot find module 'motion/react' or its corresponding type declarations.
react-bits-temp/src/ts-default/TextAnimations/DecryptedText/DecryptedText.tsx(2,24): error TS2307: Cannot find module 'motion/react' or its corresponding type declarations.
react-bits-temp/src/ts-default/TextAnimations/DecryptedText/DecryptedText.tsx(3,38): error TS2307: Cannot find module 'motion/react' or its corresponding type declarations.
react-bits-temp/src/ts-default/TextAnimations/FallingText/FallingText.tsx(2,20): error TS2307: Cannot find module 'matter-js' or its corresponding type declarations.
react-bits-temp/src/ts-default/TextAnimations/GradientText/GradientText.tsx(2,73): error TS2307: Cannot find module 'motion/react' or its corresponding type declarations.
react-bits-temp/src/ts-default/TextAnimations/GradientText/GradientText.tsx(33,21): error TS7006: Parameter 'time' implicitly has an 'any' type.
react-bits-temp/src/ts-default/TextAnimations/GradientText/GradientText.tsx(68,53): error TS7006: Parameter 'p' implicitly has an 'any' type.
react-bits-temp/src/ts-default/TextAnimations/RotatingText/RotatingText.tsx(11,8): error TS2307: Cannot find module 'motion/react' or its corresponding type declarations.
react-bits-temp/src/ts-default/TextAnimations/ScrollVelocity/ScrollVelocity.tsx(10,8): error TS2307: Cannot find module 'motion/react' or its corresponding type declarations.
react-bits-temp/src/ts-default/TextAnimations/ScrollVelocity/ScrollVelocity.tsx(117,35): error TS7006: Parameter 'v' implicitly has an 'any' type.
react-bits-temp/src/ts-default/TextAnimations/ScrollVelocity/ScrollVelocity.tsx(123,24): error TS7006: Parameter 't' implicitly has an 'any' type.
react-bits-temp/src/ts-default/TextAnimations/ScrollVelocity/ScrollVelocity.tsx(123,27): error TS7006: Parameter 'delta' implicitly has an 'any' type.
react-bits-temp/src/ts-default/TextAnimations/ShinyText/ShinyText.tsx(2,73): error TS2307: Cannot find module 'motion/react' or its corresponding type declarations.
react-bits-temp/src/ts-default/TextAnimations/ShinyText/ShinyText.tsx(41,21): error TS7006: Parameter 'time' implicitly has an 'any' type.
react-bits-temp/src/ts-default/TextAnimations/ShinyText/ShinyText.tsx(102,53): error TS7006: Parameter 'p' implicitly has an 'any' type.
react-bits-temp/src/ts-default/TextAnimations/Shuffle/Shuffle.tsx(5,25): error TS2307: Cannot find module '@gsap/react' or its corresponding type declarations.
react-bits-temp/src/ts-default/TextAnimations/SplitText/SplitText.tsx(5,25): error TS2307: Cannot find module '@gsap/react' or its corresponding type declarations.
react-bits-temp/src/ts-default/TextAnimations/TextCursor/TextCursor.tsx(2,41): error TS2307: Cannot find module 'motion/react' or its corresponding type declarations.
react-bits-temp/src/ts-default/TextAnimations/TrueFocus/TrueFocus.tsx(2,24): error TS2307: Cannot find module 'motion/react' or its corresponding type declarations.
react-bits-temp/src/ts-default/TextAnimations/VariableProximity/VariableProximity.tsx(2,24): error TS2307: Cannot find module 'motion/react' or its corresponding type declarations.
react-bits-temp/src/ts-default/TextAnimations/VariableProximity/VariableProximity.tsx(177,22): error TS7006: Parameter 'el' implicitly has an 'any' type.
react-bits-temp/src/ts-tailwind/Animations/Antigravity/Antigravity.tsx(1,44): error TS2307: Cannot find module '@react-three/fiber' or its corresponding type declarations.
react-bits-temp/src/ts-tailwind/Animations/Antigravity/Antigravity.tsx(3,24): error TS2307: Cannot find module 'three' or its corresponding type declarations.
react-bits-temp/src/ts-tailwind/Animations/Antigravity/Antigravity.tsx(89,12): error TS7006: Parameter 'state' implicitly has an 'any' type.
react-bits-temp/src/ts-tailwind/Animations/Antigravity/Antigravity.tsx(178,5): error TS2339: Property 'instancedMesh' does not exist on type 'JSX.IntrinsicElements'.
react-bits-temp/src/ts-tailwind/Animations/Antigravity/Antigravity.tsx(179,39): error TS2339: Property 'capsuleGeometry' does not exist on type 'JSX.IntrinsicElements'.
react-bits-temp/src/ts-tailwind/Animations/Antigravity/Antigravity.tsx(180,38): error TS2339: Property 'sphereGeometry' does not exist on type 'JSX.IntrinsicElements'.
react-bits-temp/src/ts-tailwind/Animations/Antigravity/Antigravity.tsx(181,35): error TS2339: Property 'boxGeometry' does not exist on type 'JSX.IntrinsicElements'.
react-bits-temp/src/ts-tailwind/Animations/Antigravity/Antigravity.tsx(182,43): error TS2339: Property 'tetrahedronGeometry' does not exist on type 'JSX.IntrinsicElements'.
react-bits-temp/src/ts-tailwind/Animations/Antigravity/Antigravity.tsx(183,7): error TS2339: Property 'meshBasicMaterial' does not exist on type 'JSX.IntrinsicElements'.
react-bits-temp/src/ts-tailwind/Animations/Antigravity/Antigravity.tsx(184,5): error TS2339: Property 'instancedMesh' does not exist on type 'JSX.IntrinsicElements'.
react-bits-temp/src/ts-tailwind/Animations/GhostCursor/GhostCursor.tsx(2,24): error TS2307: Cannot find module 'three' or its corresponding type declarations.
react-bits-temp/src/ts-tailwind/Animations/GhostCursor/GhostCursor.tsx(3,32): error TS2307: Cannot find module 'three/examples/jsm/postprocessing/EffectComposer.js' or its corresponding type declarations.
react-bits-temp/src/ts-tailwind/Animations/GhostCursor/GhostCursor.tsx(4,28): error TS2307: Cannot find module 'three/examples/jsm/postprocessing/RenderPass.js' or its corresponding type declarations.
react-bits-temp/src/ts-tailwind/Animations/GhostCursor/GhostCursor.tsx(5,33): error TS2307: Cannot find module 'three/examples/jsm/postprocessing/UnrealBloomPass.js' or its corresponding type declarations.
react-bits-temp/src/ts-tailwind/Animations/GhostCursor/GhostCursor.tsx(6,28): error TS2307: Cannot find module 'three/examples/jsm/postprocessing/ShaderPass.js' or its corresponding type declarations.
react-bits-temp/src/ts-tailwind/Animations/GradualBlur/GradualBlur.tsx(2,23): error TS2307: Cannot find module 'mathjs' or its corresponding type declarations.
react-bits-temp/src/ts-tailwind/Animations/LaserFlow/LaserFlow.tsx(2,24): error TS2307: Cannot find module 'three' or its corresponding type declarations.
react-bits-temp/src/ts-tailwind/Animations/MetaBalls/MetaBalls.tsx(2,76): error TS2307: Cannot find module 'ogl' or its corresponding type declarations.
react-bits-temp/src/ts-tailwind/Animations/OrbitImages/OrbitImages.tsx(5,76): error TS2307: Cannot find module 'motion/react' or its corresponding type declarations.
react-bits-temp/src/ts-tailwind/Animations/PixelTrail/PixelTrail.tsx(3,59): error TS2307: Cannot find module '@react-three/fiber' or its corresponding type declarations.
react-bits-temp/src/ts-tailwind/Animations/PixelTrail/PixelTrail.tsx(4,49): error TS2307: Cannot find module '@react-three/drei' or its corresponding type declarations.
react-bits-temp/src/ts-tailwind/Animations/PixelTrail/PixelTrail.tsx(5,24): error TS2307: Cannot find module 'three' or its corresponding type declarations.
react-bits-temp/src/ts-tailwind/Animations/PixelTrail/PixelTrail.tsx(99,25): error TS7006: Parameter 's' implicitly has an 'any' type.
react-bits-temp/src/ts-tailwind/Animations/PixelTrail/PixelTrail.tsx(100,29): error TS7006: Parameter 's' implicitly has an 'any' type.
react-bits-temp/src/ts-tailwind/Animations/PixelTrail/PixelTrail.tsx(123,5): error TS2339: Property 'mesh' does not exist on type 'JSX.IntrinsicElements'.
react-bits-temp/src/ts-tailwind/Animations/PixelTrail/PixelTrail.tsx(124,7): error TS2339: Property 'planeGeometry' does not exist on type 'JSX.IntrinsicElements'.
react-bits-temp/src/ts-tailwind/Animations/PixelTrail/PixelTrail.tsx(125,7): error TS2339: Property 'primitive' does not exist on type 'JSX.IntrinsicElements'.
react-bits-temp/src/ts-tailwind/Animations/PixelTrail/PixelTrail.tsx(131,5): error TS2339: Property 'mesh' does not exist on type 'JSX.IntrinsicElements'.
react-bits-temp/src/ts-tailwind/Animations/Ribbons/Ribbons.tsx(2,60): error TS2307: Cannot find module 'ogl' or its corresponding type declarations.
react-bits-temp/src/ts-tailwind/Animations/ShapeBlur/ShapeBlur.tsx(2,24): error TS2307: Cannot find module 'three' or its corresponding type declarations.
react-bits-temp/src/ts-tailwind/Animations/StickerPeel/StickerPeel.tsx(3,27): error TS1149: File name 'C:/Users/danyb/My Personal Works/BitShift_Odoo_VR/frontend/node_modules/gsap/types/Draggable.d.ts' differs from already included file name 'C:/Users/danyb/My Personal Works/BitShift_Odoo_VR/frontend/node_modules/gsap/types/draggable.d.ts' only in casing.
  The file is in the program because:
    Referenced via 'draggable.d.ts' from file 'C:/Users/danyb/My Personal Works/BitShift_Odoo_VR/frontend/node_modules/gsap/types/index.d.ts'
    Imported via 'gsap/Draggable' from file 'C:/Users/danyb/My Personal Works/BitShift_Odoo_VR/frontend/react-bits-temp/src/ts-default/Animations/StickerPeel/StickerPeel.tsx' with packageId 'gsap/types/Draggable.d.ts@3.14.2'
    Imported via 'gsap/Draggable' from file 'C:/Users/danyb/My Personal Works/BitShift_Odoo_VR/frontend/react-bits-temp/src/ts-tailwind/Animations/StickerPeel/StickerPeel.tsx' with packageId 'gsap/types/Draggable.d.ts@3.14.2'
react-bits-temp/src/ts-tailwind/Backgrounds/Aurora/Aurora.tsx(2,58): error TS2307: Cannot find module 'ogl' or its corresponding type declarations.
react-bits-temp/src/ts-tailwind/Backgrounds/Balatro/Balatro.tsx(1,51): error TS2307: Cannot find module 'ogl' or its corresponding type declarations.
react-bits-temp/src/ts-tailwind/Backgrounds/Ballpit/Ballpit.tsx(24,8): error TS2307: Cannot find module 'three' or its corresponding type declarations.
react-bits-temp/src/ts-tailwind/Backgrounds/Ballpit/Ballpit.tsx(25,33): error TS2307: Cannot find module 'three/examples/jsm/environments/RoomEnvironment.js' or its corresponding type declarations.
react-bits-temp/src/ts-tailwind/Backgrounds/Ballpit/Ballpit.tsx(26,26): error TS1149: File name 'C:/Users/danyb/My Personal Works/BitShift_Odoo_VR/frontend/node_modules/gsap/types/Observer.d.ts' differs from already included file name 'C:/Users/danyb/My Personal Works/BitShift_Odoo_VR/frontend/node_modules/gsap/types/observer.d.ts' only in casing.
  The file is in the program because:
    Referenced via 'observer.d.ts' from file 'C:/Users/danyb/My Personal Works/BitShift_Odoo_VR/frontend/node_modules/gsap/types/index.d.ts'
    Imported via 'gsap/Observer' from file 'C:/Users/danyb/My Personal Works/BitShift_Odoo_VR/frontend/react-bits-temp/src/ts-default/Backgrounds/Ballpit/Ballpit.tsx' with packageId 'gsap/types/Observer.d.ts@3.14.2'
    Imported via 'gsap/Observer' from file 'C:/Users/danyb/My Personal Works/BitShift_Odoo_VR/frontend/react-bits-temp/src/ts-tailwind/Backgrounds/Ballpit/Ballpit.tsx' with packageId 'gsap/types/Observer.d.ts@3.14.2'
react-bits-temp/src/ts-tailwind/Backgrounds/Ballpit/Ballpit.tsx(259,25): error TS7006: Parameter 'obj' implicitly has an 'any' type.
react-bits-temp/src/ts-tailwind/Backgrounds/Ballpit/Ballpit.tsx(435,10): error TS2339: Property 'defines' does not exist on type 'Y'.
react-bits-temp/src/ts-tailwind/Backgrounds/Ballpit/Ballpit.tsx(436,10): error TS2551: Property 'onBeforeCompile' does not exist on type 'Y'. Did you mean 'onBeforeCompile2'?
react-bits-temp/src/ts-tailwind/Backgrounds/Ballpit/Ballpit.tsx(436,28): error TS7006: Parameter 'shader' implicitly has an 'any' type.
react-bits-temp/src/ts-tailwind/Backgrounds/Ballpit/Ballpit.tsx(692,14): error TS2339: Property 'envMapRotation' does not exist on type 'Y'.
react-bits-temp/src/ts-tailwind/Backgrounds/Ballpit/Ballpit.tsx(702,10): error TS2339: Property 'add' does not exist on type 'Z'.
react-bits-temp/src/ts-tailwind/Backgrounds/Ballpit/Ballpit.tsx(704,10): error TS2339: Property 'add' does not exist on type 'Z'.
react-bits-temp/src/ts-tailwind/Backgrounds/Ballpit/Ballpit.tsx(738,36): error TS2339: Property 'count' does not exist on type 'Z'.
react-bits-temp/src/ts-tailwind/Backgrounds/Ballpit/Ballpit.tsx(739,14): error TS2551: Property 'setColorAt' does not exist on type 'Z'. Did you mean 'setColors'?
react-bits-temp/src/ts-tailwind/Backgrounds/Ballpit/Ballpit.tsx(739,63): error TS2339: Property 'count' does not exist on type 'Z'.
react-bits-temp/src/ts-tailwind/Backgrounds/Ballpit/Ballpit.tsx(741,67): error TS2339: Property 'count' does not exist on type 'Z'.
react-bits-temp/src/ts-tailwind/Backgrounds/Ballpit/Ballpit.tsx(745,17): error TS2339: Property 'instanceColor' does not exist on type 'Z'.
react-bits-temp/src/ts-tailwind/Backgrounds/Ballpit/Ballpit.tsx(746,12): error TS2339: Property 'instanceColor' does not exist on type 'Z'.
react-bits-temp/src/ts-tailwind/Backgrounds/Ballpit/Ballpit.tsx(752,34): error TS2339: Property 'count' does not exist on type 'Z'.
react-bits-temp/src/ts-tailwind/Backgrounds/Ballpit/Ballpit.tsx(760,12): error TS2339: Property 'setMatrixAt' does not exist on type 'Z'.
react-bits-temp/src/ts-tailwind/Backgrounds/Ballpit/Ballpit.tsx(763,10): error TS2339: Property 'instanceMatrix' does not exist on type 'Z'.
react-bits-temp/src/ts-tailwind/Backgrounds/Beams/Beams.tsx(3,24): error TS2307: Cannot find module 'three' or its corresponding type declarations.
react-bits-temp/src/ts-tailwind/Backgrounds/Beams/Beams.tsx(5,34): error TS2307: Cannot find module '@react-three/fiber' or its corresponding type declarations.
react-bits-temp/src/ts-tailwind/Backgrounds/Beams/Beams.tsx(6,35): error TS2307: Cannot find module '@react-three/drei' or its corresponding type declarations.
react-bits-temp/src/ts-tailwind/Backgrounds/Beams/Beams.tsx(7,26): error TS2307: Cannot find module 'three/src/math/MathUtils.js' or its corresponding type declarations.
react-bits-temp/src/ts-tailwind/Backgrounds/Beams/Beams.tsx(251,7): error TS2339: Property 'group' does not exist on type 'JSX.IntrinsicElements'.
react-bits-temp/src/ts-tailwind/Backgrounds/Beams/Beams.tsx(254,7): error TS2339: Property 'group' does not exist on type 'JSX.IntrinsicElements'.
react-bits-temp/src/ts-tailwind/Backgrounds/Beams/Beams.tsx(255,7): error TS2339: Property 'ambientLight' does not exist on type 'JSX.IntrinsicElements'.
react-bits-temp/src/ts-tailwind/Backgrounds/Beams/Beams.tsx(256,7): error TS2339: Property 'color' does not exist on type 'JSX.IntrinsicElements'.
react-bits-temp/src/ts-tailwind/Backgrounds/Beams/Beams.tsx(331,13): error TS7006: Parameter '_' implicitly has an 'any' type.
react-bits-temp/src/ts-tailwind/Backgrounds/Beams/Beams.tsx(331,16): error TS7006: Parameter 'delta' implicitly has an 'any' type.
react-bits-temp/src/ts-tailwind/Backgrounds/Beams/Beams.tsx(334,10): error TS2339: Property 'mesh' does not exist on type 'JSX.IntrinsicElements'.
react-bits-temp/src/ts-tailwind/Backgrounds/Beams/Beams.tsx(369,10): error TS2339: Property 'directionalLight' does not exist on type 'JSX.IntrinsicElements'.
react-bits-temp/src/ts-tailwind/Backgrounds/ColorBends/ColorBends.tsx(2,24): error TS2307: Cannot find module 'three' or its corresponding type declarations.
react-bits-temp/src/ts-tailwind/Backgrounds/DarkVeil/DarkVeil.tsx(2,57): error TS2307: Cannot find module 'ogl' or its corresponding type declarations.
react-bits-temp/src/ts-tailwind/Backgrounds/Dither/Dither.tsx(3,56): error TS2307: Cannot find module '@react-three/fiber' or its corresponding type declarations.
react-bits-temp/src/ts-tailwind/Backgrounds/Dither/Dither.tsx(4,44): error TS2307: Cannot find module '@react-three/postprocessing' or its corresponding type declarations.
react-bits-temp/src/ts-tailwind/Backgrounds/Dither/Dither.tsx(5,24): error TS2307: Cannot find module 'postprocessing' or its corresponding type declarations.
react-bits-temp/src/ts-tailwind/Backgrounds/Dither/Dither.tsx(6,24): error TS2307: Cannot find module 'three' or its corresponding type declarations.
react-bits-temp/src/ts-tailwind/Backgrounds/Dither/Dither.tsx(230,15): error TS7031: Binding element 'clock' implicitly has an 'any' type.
react-bits-temp/src/ts-tailwind/Backgrounds/Dither/Dither.tsx(263,7): error TS2339: Property 'mesh' does not exist on type 'JSX.IntrinsicElements'.
react-bits-temp/src/ts-tailwind/Backgrounds/Dither/Dither.tsx(264,9): error TS2339: Property 'planeGeometry' does not exist on type 'JSX.IntrinsicElements'.
react-bits-temp/src/ts-tailwind/Backgrounds/Dither/Dither.tsx(265,9): error TS2339: Property 'shaderMaterial' does not exist on type 'JSX.IntrinsicElements'.
react-bits-temp/src/ts-tailwind/Backgrounds/Dither/Dither.tsx(270,7): error TS2339: Property 'mesh' does not exist on type 'JSX.IntrinsicElements'.
react-bits-temp/src/ts-tailwind/Backgrounds/Dither/Dither.tsx(276,7): error TS2339: Property 'mesh' does not exist on type 'JSX.IntrinsicElements'.
react-bits-temp/src/ts-tailwind/Backgrounds/Dither/Dither.tsx(282,9): error TS2339: Property 'planeGeometry' does not exist on type 'JSX.IntrinsicElements'.
react-bits-temp/src/ts-tailwind/Backgrounds/Dither/Dither.tsx(283,9): error TS2339: Property 'meshBasicMaterial' does not exist on type 'JSX.IntrinsicElements'.
react-bits-temp/src/ts-tailwind/Backgrounds/Dither/Dither.tsx(284,7): error TS2339: Property 'mesh' does not exist on type 'JSX.IntrinsicElements'.
react-bits-temp/src/ts-tailwind/Backgrounds/FaultyTerminal/FaultyTerminal.tsx(1,58): error TS2307: Cannot find module 'ogl' or its corresponding type declarations.
react-bits-temp/src/ts-tailwind/Backgrounds/FloatingLines/FloatingLines.tsx(12,8): error TS2307: Cannot find module 'three' or its corresponding type declarations.
react-bits-temp/src/ts-tailwind/Backgrounds/Galaxy/Galaxy.tsx(1,58): error TS2307: Cannot find module 'ogl' or its corresponding type declarations.
react-bits-temp/src/ts-tailwind/Backgrounds/GradientBlinds/GradientBlinds.tsx(2,51): error TS2307: Cannot find module 'ogl' or its corresponding type declarations.
react-bits-temp/src/ts-tailwind/Backgrounds/Grainient/Grainient.tsx(2,51): error TS2307: Cannot find module 'ogl' or its corresponding type declarations.
react-bits-temp/src/ts-tailwind/Backgrounds/GridDistortion/GridDistortion.tsx(2,24): error TS2307: Cannot find module 'three' or its corresponding type declarations.
react-bits-temp/src/ts-tailwind/Backgrounds/GridDistortion/GridDistortion.tsx(87,34): error TS7006: Parameter 'texture' implicitly has an 'any' type.
react-bits-temp/src/ts-tailwind/Backgrounds/GridScan/GridScan.tsx(2,96): error TS2307: Cannot find module 'postprocessing' or its corresponding type declarations.
react-bits-temp/src/ts-tailwind/Backgrounds/GridScan/GridScan.tsx(3,24): error TS2307: Cannot find module 'three' or its corresponding type declarations.
react-bits-temp/src/ts-tailwind/Backgrounds/GridScan/GridScan.tsx(4,26): error TS2307: Cannot find module 'face-api.js' or its corresponding type declarations.
react-bits-temp/src/ts-tailwind/Backgrounds/Hyperspeed/Hyperspeed.tsx(2,24): error TS2307: Cannot find module 'three' or its corresponding type declarations.
react-bits-temp/src/ts-tailwind/Backgrounds/Hyperspeed/Hyperspeed.tsx(3,93): error TS2307: Cannot find module 'postprocessing' or its corresponding type declarations.
react-bits-temp/src/ts-tailwind/Backgrounds/Hyperspeed/Hyperspeed.tsx(535,32): error TS7006: Parameter 'shader' implicitly has an 'any' type.
react-bits-temp/src/ts-tailwind/Backgrounds/Hyperspeed/Hyperspeed.tsx(665,32): error TS7006: Parameter 'shader' implicitly has an 'any' type.
react-bits-temp/src/ts-tailwind/Backgrounds/Hyperspeed/Hyperspeed.tsx(801,32): error TS7006: Parameter 'shader' implicitly has an 'any' type.
react-bits-temp/src/ts-tailwind/Backgrounds/Iridescence/Iridescence.tsx(1,58): error TS2307: Cannot find module 'ogl' or its corresponding type declarations.
react-bits-temp/src/ts-tailwind/Backgrounds/LightPillar/LightPillar.tsx(2,24): error TS2307: Cannot find module 'three' or its corresponding type declarations.
react-bits-temp/src/ts-tailwind/Backgrounds/LightRays/LightRays.tsx(2,51): error TS2307: Cannot find module 'ogl' or its corresponding type declarations.
react-bits-temp/src/ts-tailwind/Backgrounds/LiquidChrome/LiquidChrome.tsx(2,51): error TS2307: Cannot find module 'ogl' or its corresponding type declarations.
react-bits-temp/src/ts-tailwind/Backgrounds/LiquidEther/LiquidEther.tsx(2,24): error TS2307: Cannot find module 'three' or its corresponding type declarations.
react-bits-temp/src/ts-tailwind/Backgrounds/Orb/Orb.tsx(1,57): error TS2307: Cannot find module 'ogl' or its corresponding type declarations.
react-bits-temp/src/ts-tailwind/Backgrounds/Particles/Particles.tsx(2,59): error TS2307: Cannot find module 'ogl' or its corresponding type declarations.
react-bits-temp/src/ts-tailwind/Backgrounds/PixelBlast/PixelBlast.tsx(2,24): error TS2307: Cannot find module 'three' or its corresponding type declarations.
react-bits-temp/src/ts-tailwind/Backgrounds/PixelBlast/PixelBlast.tsx(3,64): error TS2307: Cannot find module 'postprocessing' or its corresponding type declarations.
react-bits-temp/src/ts-tailwind/Backgrounds/PixelBlast/PixelBlast.tsx(544,35): error TS7006: Parameter 'p' implicitly has an 'any' type.
react-bits-temp/src/ts-tailwind/Backgrounds/PixelBlast/PixelBlast.tsx(597,35): error TS7006: Parameter 'p' implicitly has an 'any' type.
react-bits-temp/src/ts-tailwind/Backgrounds/PixelSnow/PixelSnow.tsx(12,8): error TS2307: Cannot find module 'three' or its corresponding type declarations.
react-bits-temp/src/ts-tailwind/Backgrounds/Plasma/Plasma.tsx(2,51): error TS2307: Cannot find module 'ogl' or its corresponding type declarations.
react-bits-temp/src/ts-tailwind/Backgrounds/Prism/Prism.tsx(2,51): error TS2307: Cannot find module 'ogl' or its corresponding type declarations.
react-bits-temp/src/ts-tailwind/Backgrounds/PrismaticBurst/PrismaticBurst.tsx(2,60): error TS2307: Cannot find module 'ogl' or its corresponding type declarations.
react-bits-temp/src/ts-tailwind/Backgrounds/RippleGrid/RippleGrid.tsx(2,51): error TS2307: Cannot find module 'ogl' or its corresponding type declarations.
react-bits-temp/src/ts-tailwind/Backgrounds/Silk/Silk.tsx(3,55): error TS2307: Cannot find module '@react-three/fiber' or its corresponding type declarations.
react-bits-temp/src/ts-tailwind/Backgrounds/Silk/Silk.tsx(4,45): error TS2307: Cannot find module 'three' or its corresponding type declarations.
react-bits-temp/src/ts-tailwind/Backgrounds/Silk/Silk.tsx(5,26): error TS2307: Cannot find module 'three' or its corresponding type declarations.
react-bits-temp/src/ts-tailwind/Backgrounds/Silk/Silk.tsx(113,5): error TS2339: Property 'mesh' does not exist on type 'JSX.IntrinsicElements'.
react-bits-temp/src/ts-tailwind/Backgrounds/Silk/Silk.tsx(114,7): error TS2339: Property 'planeGeometry' does not exist on type 'JSX.IntrinsicElements'.
react-bits-temp/src/ts-tailwind/Backgrounds/Silk/Silk.tsx(115,7): error TS2339: Property 'shaderMaterial' does not exist on type 'JSX.IntrinsicElements'.
react-bits-temp/src/ts-tailwind/Backgrounds/Silk/Silk.tsx(116,5): error TS2339: Property 'mesh' does not exist on type 'JSX.IntrinsicElements'.
react-bits-temp/src/ts-tailwind/Backgrounds/Threads/Threads.tsx(2,58): error TS2307: Cannot find module 'ogl' or its corresponding type declarations.
react-bits-temp/src/ts-tailwind/Components/AnimatedList/AnimatedList.tsx(2,35): error TS2307: Cannot find module 'motion/react' or its corresponding type declarations.
react-bits-temp/src/ts-tailwind/Components/CardNav/CardNav.tsx(4,32): error TS2307: Cannot find module 'react-icons/go' or its corresponding type declarations.
react-bits-temp/src/ts-tailwind/Components/Carousel/Carousel.tsx(2,63): error TS2307: Cannot find module 'motion/react' or its corresponding type declarations.
react-bits-temp/src/ts-tailwind/Components/Carousel/Carousel.tsx(6,66): error TS2307: Cannot find module 'react-icons/fi' or its corresponding type declarations.
react-bits-temp/src/ts-tailwind/Components/CircularGallery/CircularGallery.tsx(1,76): error TS2307: Cannot find module 'ogl' or its corresponding type declarations.
react-bits-temp/src/ts-tailwind/Components/Counter/Counter.tsx(1,62): error TS2307: Cannot find module 'motion/react' or its corresponding type declarations.
react-bits-temp/src/ts-tailwind/Components/Counter/Counter.tsx(14,30): error TS7006: Parameter 'latest' implicitly has an 'any' type.
react-bits-temp/src/ts-tailwind/Components/Dock/Dock.tsx(11,8): error TS2307: Cannot find module 'motion/react' or its corresponding type declarations.
react-bits-temp/src/ts-tailwind/Components/Dock/Dock.tsx(56,46): error TS7006: Parameter 'val' implicitly has an 'any' type.
react-bits-temp/src/ts-tailwind/Components/Dock/Dock.tsx(104,48): error TS7006: Parameter 'latest' implicitly has an 'any' type.
react-bits-temp/src/ts-tailwind/Components/Dock/Dock.tsx(159,25): error TS7031: Binding element 'pageX' implicitly has an 'any' type.
react-bits-temp/src/ts-tailwind/Components/DomeGallery/DomeGallery.tsx(2,28): error TS2307: Cannot find module '@use-gesture/react' or its corresponding type declarations.
react-bits-temp/src/ts-tailwind/Components/DomeGallery/DomeGallery.tsx(341,23): error TS7031: Binding element 'event' implicitly has an 'any' type.
react-bits-temp/src/ts-tailwind/Components/DomeGallery/DomeGallery.tsx(357,18): error TS7031: Binding element 'event' implicitly has an 'any' type.
react-bits-temp/src/ts-tailwind/Components/DomeGallery/DomeGallery.tsx(357,25): error TS7031: Binding element 'last' implicitly has an 'any' type.
react-bits-temp/src/ts-tailwind/Components/DomeGallery/DomeGallery.tsx(357,86): error TS7031: Binding element 'movement' implicitly has an 'any' type.
react-bits-temp/src/ts-tailwind/Components/ElasticSlider/ElasticSlider.tsx(2,84): error TS2307: Cannot find module 'motion/react' or its corresponding type declarations.
react-bits-temp/src/ts-tailwind/Components/FluidGlass/FluidGlass.tsx(2,24): error TS2307: Cannot find module 'three' or its corresponding type declarations.
react-bits-temp/src/ts-tailwind/Components/FluidGlass/FluidGlass.tsx(4,73): error TS2307: Cannot find module '@react-three/fiber' or its corresponding type declarations.
react-bits-temp/src/ts-tailwind/Components/FluidGlass/FluidGlass.tsx(15,8): error TS2307: Cannot find module '@react-three/drei' or its corresponding type declarations.
react-bits-temp/src/ts-tailwind/Components/FluidGlass/FluidGlass.tsx(16,24): error TS2307: Cannot find module 'maath' or its corresponding type declarations.
react-bits-temp/src/ts-tailwind/Components/FluidGlass/FluidGlass.tsx(105,13): error TS7006: Parameter 'state' implicitly has an 'any' type.
react-bits-temp/src/ts-tailwind/Components/FluidGlass/FluidGlass.tsx(105,20): error TS7006: Parameter 'delta' implicitly has an 'any' type.
react-bits-temp/src/ts-tailwind/Components/FluidGlass/FluidGlass.tsx(137,7): error TS2339: Property 'mesh' does not exist on type 'JSX.IntrinsicElements'.
react-bits-temp/src/ts-tailwind/Components/FluidGlass/FluidGlass.tsx(138,9): error TS2339: Property 'planeGeometry' does not exist on type 'JSX.IntrinsicElements'.
react-bits-temp/src/ts-tailwind/Components/FluidGlass/FluidGlass.tsx(139,9): error TS2339: Property 'meshBasicMaterial' does not exist on type 'JSX.IntrinsicElements'.
react-bits-temp/src/ts-tailwind/Components/FluidGlass/FluidGlass.tsx(140,7): error TS2339: Property 'mesh' does not exist on type 'JSX.IntrinsicElements'.
react-bits-temp/src/ts-tailwind/Components/FluidGlass/FluidGlass.tsx(141,7): error TS2339: Property 'mesh' does not exist on type 'JSX.IntrinsicElements'.
react-bits-temp/src/ts-tailwind/Components/FluidGlass/FluidGlass.tsx(156,7): error TS2339: Property 'mesh' does not exist on type 'JSX.IntrinsicElements'.
react-bits-temp/src/ts-tailwind/Components/FluidGlass/FluidGlass.tsx(221,37): error TS7006: Parameter 'child' implicitly has an 'any' type.
react-bits-temp/src/ts-tailwind/Components/FluidGlass/FluidGlass.tsx(221,44): error TS7006: Parameter 'i' implicitly has an 'any' type.
react-bits-temp/src/ts-tailwind/Components/FluidGlass/FluidGlass.tsx(232,5): error TS2339: Property 'group' does not exist on type 'JSX.IntrinsicElements'.
react-bits-temp/src/ts-tailwind/Components/FluidGlass/FluidGlass.tsx(245,20): error TS7006: Parameter 'e' implicitly has an 'any' type.
react-bits-temp/src/ts-tailwind/Components/FluidGlass/FluidGlass.tsx(255,5): error TS2339: Property 'group' does not exist on type 'JSX.IntrinsicElements'.
react-bits-temp/src/ts-tailwind/Components/FluidGlass/FluidGlass.tsx(262,31): error TS7006: Parameter 's' implicitly has an 'any' type.
react-bits-temp/src/ts-tailwind/Components/FluidGlass/FluidGlass.tsx(273,5): error TS2339: Property 'group' does not exist on type 'JSX.IntrinsicElements'.
react-bits-temp/src/ts-tailwind/Components/FluidGlass/FluidGlass.tsx(279,5): error TS2339: Property 'group' does not exist on type 'JSX.IntrinsicElements'.
react-bits-temp/src/ts-tailwind/Components/FlyingPosters/FlyingPosters.tsx(2,102): error TS2307: Cannot find module 'ogl' or its corresponding type declarations.
react-bits-temp/src/ts-tailwind/Components/InfiniteMenu/InfiniteMenu.tsx(2,40): error TS2307: Cannot find module 'gl-matrix' or its corresponding type declarations.
react-bits-temp/src/ts-tailwind/Components/Lanyard/Lanyard.tsx(4,42): error TS2307: Cannot find module '@react-three/fiber' or its corresponding type declarations.
react-bits-temp/src/ts-tailwind/Components/Lanyard/Lanyard.tsx(5,63): error TS2307: Cannot find module '@react-three/drei' or its corresponding type declarations.
react-bits-temp/src/ts-tailwind/Components/Lanyard/Lanyard.tsx(14,8): error TS2307: Cannot find module '@react-three/rapier' or its corresponding type declarations.
react-bits-temp/src/ts-tailwind/Components/Lanyard/Lanyard.tsx(15,52): error TS2307: Cannot find module 'meshline' or its corresponding type declarations.
react-bits-temp/src/ts-tailwind/Components/Lanyard/Lanyard.tsx(16,24): error TS2307: Cannot find module 'three' or its corresponding type declarations.
react-bits-temp/src/ts-tailwind/Components/Lanyard/Lanyard.tsx(51,23): error TS7031: Binding element 'gl' implicitly has an 'any' type.
react-bits-temp/src/ts-tailwind/Components/Lanyard/Lanyard.tsx(53,9): error TS2339: Property 'ambientLight' does not exist on type 'JSX.IntrinsicElements'.
react-bits-temp/src/ts-tailwind/Components/Lanyard/Lanyard.tsx(146,13): error TS7006: Parameter 'state' implicitly has an 'any' type.
react-bits-temp/src/ts-tailwind/Components/Lanyard/Lanyard.tsx(146,20): error TS7006: Parameter 'delta' implicitly has an 'any' type.
react-bits-temp/src/ts-tailwind/Components/Lanyard/Lanyard.tsx(183,7): error TS2339: Property 'group' does not exist on type 'JSX.IntrinsicElements'.
react-bits-temp/src/ts-tailwind/Components/Lanyard/Lanyard.tsx(201,11): error TS2339: Property 'group' does not exist on type 'JSX.IntrinsicElements'.
react-bits-temp/src/ts-tailwind/Components/Lanyard/Lanyard.tsx(215,13): error TS2339: Property 'mesh' does not exist on type 'JSX.IntrinsicElements'.
react-bits-temp/src/ts-tailwind/Components/Lanyard/Lanyard.tsx(216,15): error TS2339: Property 'meshPhysicalMaterial' does not exist on type 'JSX.IntrinsicElements'.
react-bits-temp/src/ts-tailwind/Components/Lanyard/Lanyard.tsx(224,13): error TS2339: Property 'mesh' does not exist on type 'JSX.IntrinsicElements'.
react-bits-temp/src/ts-tailwind/Components/Lanyard/Lanyard.tsx(225,13): error TS2339: Property 'mesh' does not exist on type 'JSX.IntrinsicElements'.
react-bits-temp/src/ts-tailwind/Components/Lanyard/Lanyard.tsx(226,13): error TS2339: Property 'mesh' does not exist on type 'JSX.IntrinsicElements'.
react-bits-temp/src/ts-tailwind/Components/Lanyard/Lanyard.tsx(227,11): error TS2339: Property 'group' does not exist on type 'JSX.IntrinsicElements'.
react-bits-temp/src/ts-tailwind/Components/Lanyard/Lanyard.tsx(229,7): error TS2339: Property 'group' does not exist on type 'JSX.IntrinsicElements'.
react-bits-temp/src/ts-tailwind/Components/Lanyard/Lanyard.tsx(230,7): error TS2339: Property 'mesh' does not exist on type 'JSX.IntrinsicElements'.
react-bits-temp/src/ts-tailwind/Components/Lanyard/Lanyard.tsx(231,9): error TS2339: Property 'meshLineGeometry' does not exist on type 'JSX.IntrinsicElements'.
react-bits-temp/src/ts-tailwind/Components/Lanyard/Lanyard.tsx(232,9): error TS2339: Property 'meshLineMaterial' does not exist on type 'JSX.IntrinsicElements'.
react-bits-temp/src/ts-tailwind/Components/Lanyard/Lanyard.tsx(241,7): error TS2339: Property 'mesh' does not exist on type 'JSX.IntrinsicElements'.
react-bits-temp/src/ts-tailwind/Components/ModelViewer/ModelViewer.tsx(2,67): error TS2307: Cannot find module '@react-three/fiber' or its corresponding type declarations.
react-bits-temp/src/ts-tailwind/Components/ModelViewer/ModelViewer.tsx(3,96): error TS2307: Cannot find module '@react-three/drei' or its corresponding type declarations.
react-bits-temp/src/ts-tailwind/Components/ModelViewer/ModelViewer.tsx(4,27): error TS2307: Cannot find module 'three/examples/jsm/loaders/OBJLoader' or its corresponding type declarations.
react-bits-temp/src/ts-tailwind/Components/ModelViewer/ModelViewer.tsx(5,24): error TS2307: Cannot find module 'three' or its corresponding type declarations.
react-bits-temp/src/ts-tailwind/Components/ModelViewer/ModelViewer.tsx(330,13): error TS7006: Parameter '_' implicitly has an 'any' type.
react-bits-temp/src/ts-tailwind/Components/ModelViewer/ModelViewer.tsx(330,16): error TS7006: Parameter 'dt' implicitly has an 'any' type.
react-bits-temp/src/ts-tailwind/Components/ModelViewer/ModelViewer.tsx(371,5): error TS2339: Property 'group' does not exist on type 'JSX.IntrinsicElements'.
react-bits-temp/src/ts-tailwind/Components/ModelViewer/ModelViewer.tsx(372,7): error TS2339: Property 'group' does not exist on type 'JSX.IntrinsicElements'.
react-bits-temp/src/ts-tailwind/Components/ModelViewer/ModelViewer.tsx(373,9): error TS2339: Property 'primitive' does not exist on type 'JSX.IntrinsicElements'.
react-bits-temp/src/ts-tailwind/Components/ModelViewer/ModelViewer.tsx(374,7): error TS2339: Property 'group' does not exist on type 'JSX.IntrinsicElements'.
react-bits-temp/src/ts-tailwind/Components/ModelViewer/ModelViewer.tsx(375,5): error TS2339: Property 'group' does not exist on type 'JSX.IntrinsicElements'.
react-bits-temp/src/ts-tailwind/Components/ModelViewer/ModelViewer.tsx(466,23): error TS7031: Binding element 'gl' implicitly has an 'any' type.
react-bits-temp/src/ts-tailwind/Components/ModelViewer/ModelViewer.tsx(466,27): error TS7031: Binding element 'scene' implicitly has an 'any' type.
react-bits-temp/src/ts-tailwind/Components/ModelViewer/ModelViewer.tsx(466,34): error TS7031: Binding element 'camera' implicitly has an 'any' type.
react-bits-temp/src/ts-tailwind/Components/ModelViewer/ModelViewer.tsx(478,9): error TS2339: Property 'ambientLight' does not exist on type 'JSX.IntrinsicElements'.
react-bits-temp/src/ts-tailwind/Components/ModelViewer/ModelViewer.tsx(479,9): error TS2339: Property 'directionalLight' does not exist on type 'JSX.IntrinsicElements'.
react-bits-temp/src/ts-tailwind/Components/ModelViewer/ModelViewer.tsx(480,9): error TS2339: Property 'directionalLight' does not exist on type 'JSX.IntrinsicElements'.
react-bits-temp/src/ts-tailwind/Components/ModelViewer/ModelViewer.tsx(481,9): error TS2339: Property 'directionalLight' does not exist on type 'JSX.IntrinsicElements'.
react-bits-temp/src/ts-tailwind/Components/PillNav/PillNav.tsx(2,22): error TS2307: Cannot find module 'react-router-dom' or its corresponding type declarations.
react-bits-temp/src/ts-tailwind/Components/PillNav/PillNav.tsx(262,18): error TS7006: Parameter 'el' implicitly has an 'any' type.
react-bits-temp/src/ts-tailwind/Components/ScrollStack/ScrollStack.tsx(3,19): error TS2307: Cannot find module 'lenis' or its corresponding type declarations.
react-bits-temp/src/ts-tailwind/Components/ScrollStack/ScrollStack.tsx(219,17): error TS7006: Parameter 't' implicitly has an 'any' type.
react-bits-temp/src/ts-tailwind/Components/ScrollStack/ScrollStack.tsx(247,17): error TS7006: Parameter 't' implicitly has an 'any' type.
react-bits-temp/src/ts-tailwind/Components/Stack/Stack.tsx(1,68): error TS2307: Cannot find module 'motion/react' or its corresponding type declarations.
react-bits-temp/src/ts-tailwind/Components/Stepper/Stepper.tsx(2,51): error TS2307: Cannot find module 'motion/react' or its corresponding type declarations.
react-bits-temp/src/ts-tailwind/Components/TiltedCard/TiltedCard.tsx(1,36): error TS2307: Cannot find module 'motion/react' or its corresponding type declarations.
react-bits-temp/src/ts-tailwind/Components/TiltedCard/TiltedCard.tsx(3,51): error TS2307: Cannot find module 'motion/react' or its corresponding type declarations.
react-bits-temp/src/ts-tailwind/TextAnimations/ASCIIText/ASCIIText.tsx(4,24): error TS2307: Cannot find module 'three' or its corresponding type declarations.
react-bits-temp/src/ts-tailwind/TextAnimations/ASCIIText/ASCIIText.tsx(445,25): error TS7006: Parameter 'object' implicitly has an 'any' type.
react-bits-temp/src/ts-tailwind/TextAnimations/BlurText/BlurText.tsx(1,44): error TS2307: Cannot find module 'motion/react' or its corresponding type declarations.
react-bits-temp/src/ts-tailwind/TextAnimations/CircularText/CircularText.tsx(2,79): error TS2307: Cannot find module 'motion/react' or its corresponding type declarations.
react-bits-temp/src/ts-tailwind/TextAnimations/CountUp/CountUp.tsx(1,54): error TS2307: Cannot find module 'motion/react' or its corresponding type declarations.
react-bits-temp/src/ts-tailwind/TextAnimations/DecryptedText/DecryptedText.tsx(2,24): error TS2307: Cannot find module 'motion/react' or its corresponding type declarations.
react-bits-temp/src/ts-tailwind/TextAnimations/DecryptedText/DecryptedText.tsx(3,38): error TS2307: Cannot find module 'motion/react' or its corresponding type declarations.
react-bits-temp/src/ts-tailwind/TextAnimations/FallingText/FallingText.tsx(2,20): error TS2307: Cannot find module 'matter-js' or its corresponding type declarations.
react-bits-temp/src/ts-tailwind/TextAnimations/GradientText/GradientText.tsx(2,73): error TS2307: Cannot find module 'motion/react' or its corresponding type declarations.
react-bits-temp/src/ts-tailwind/TextAnimations/GradientText/GradientText.tsx(32,21): error TS7006: Parameter 'time' implicitly has an 'any' type.
react-bits-temp/src/ts-tailwind/TextAnimations/GradientText/GradientText.tsx(67,53): error TS7006: Parameter 'p' implicitly has an 'any' type.
react-bits-temp/src/ts-tailwind/TextAnimations/RotatingText/RotatingText.tsx(9,8): error TS2307: Cannot find module 'motion/react' or its corresponding type declarations.
react-bits-temp/src/ts-tailwind/TextAnimations/ScrollVelocity/ScrollVelocity.tsx(10,8): error TS2307: Cannot find module 'motion/react' or its corresponding type declarations.
react-bits-temp/src/ts-tailwind/TextAnimations/ScrollVelocity/ScrollVelocity.tsx(116,35): error TS7006: Parameter 'v' implicitly has an 'any' type.
react-bits-temp/src/ts-tailwind/TextAnimations/ScrollVelocity/ScrollVelocity.tsx(122,24): error TS7006: Parameter 't' implicitly has an 'any' type.
react-bits-temp/src/ts-tailwind/TextAnimations/ScrollVelocity/ScrollVelocity.tsx(122,27): error TS7006: Parameter 'delta' implicitly has an 'any' type.
react-bits-temp/src/ts-tailwind/TextAnimations/ShinyText/ShinyText.tsx(2,73): error TS2307: Cannot find module 'motion/react' or its corresponding type declarations.
react-bits-temp/src/ts-tailwind/TextAnimations/ShinyText/ShinyText.tsx(40,21): error TS7006: Parameter 'time' implicitly has an 'any' type.
react-bits-temp/src/ts-tailwind/TextAnimations/ShinyText/ShinyText.tsx(101,53): error TS7006: Parameter 'p' implicitly has an 'any' type.
react-bits-temp/src/ts-tailwind/TextAnimations/Shuffle/Shuffle.tsx(5,25): error TS2307: Cannot find module '@gsap/react' or its corresponding type declarations.
react-bits-temp/src/ts-tailwind/TextAnimations/SplitText/SplitText.tsx(5,25): error TS2307: Cannot find module '@gsap/react' or its corresponding type declarations.
react-bits-temp/src/ts-tailwind/TextAnimations/TextCursor/TextCursor.tsx(2,41): error TS2307: Cannot find module 'motion/react' or its corresponding type declarations.
react-bits-temp/src/ts-tailwind/TextAnimations/TrueFocus/TrueFocus.tsx(2,24): error TS2307: Cannot find module 'motion/react' or its corresponding type declarations.
react-bits-temp/src/ts-tailwind/TextAnimations/VariableProximity/VariableProximity.tsx(2,24): error TS2307: Cannot find module 'motion/react' or its corresponding type declarations.
react-bits-temp/src/ts-tailwind/TextAnimations/VariableProximity/VariableProximity.tsx(178,22): error TS7006: Parameter 'el' implicitly has an 'any' type.
